I'm sorry, but errors were detected in your script. Please correct the
errors listed below, and try again.


File "game/screens.rpy", line 310: u'True' is not a keyword argument or valid child for the vbox statement.
    True action Start()
        ^

Ren'Py Version: Ren'Py 7.5.0.22062402
Thu Jul 20 22:44:04 2023
